Analysis & Synthesis report for robsmult
Sun Apr 30 00:37:19 2023
Quartus Prime Version 20.1.1 Build 720 11/11/2020 SJ Lite Edition


---------------------
; Table of Contents ;
---------------------
  1. Legal Notice
  2. Analysis & Synthesis Summary
  3. Analysis & Synthesis Settings
  4. Parallel Compilation
  5. Analysis & Synthesis Source Files Read
  6. Analysis & Synthesis Resource Usage Summary
  7. Analysis & Synthesis Resource Utilization by Entity
  8. User-Specified and Inferred Latches
  9. Registers Removed During Synthesis
 10. General Register Statistics
 11. Multiplexer Restructuring Statistics (Restructuring Performed)
 12. Parameter Settings for User Entity Instance: Top-level Entity: |robsmult
 13. Parameter Settings for User Entity Instance: robs_datapath:dp
 14. Parameter Settings for User Entity Instance: robs_datapath:dp|register:reg_y
 15. Parameter Settings for User Entity Instance: robs_datapath:dp|register:reg_a
 16. Parameter Settings for User Entity Instance: robs_datapath:dp|register:reg_x
 17. Parameter Settings for User Entity Instance: robs_datapath:dp|register_hl:reg_r
 18. Parameter Settings for User Entity Instance: robs_datapath:dp|right_shift_register:sign_ext
 19. Parameter Settings for User Entity Instance: robs_datapath:dp|mux2:mux_x
 20. Parameter Settings for User Entity Instance: robs_datapath:dp|mux3:mux_rh
 21. Parameter Settings for User Entity Instance: robs_datapath:dp|mux2:mux_rl
 22. Parameter Settings for User Entity Instance: robs_datapath:dp|addsub:addsub
 23. Parameter Settings for User Entity Instance: robs_datapath:dp|counter_down:decrement8
 24. Port Connectivity Checks: "robs_datapath:dp|counter_down:decrement8"
 25. Port Connectivity Checks: "robs_datapath:dp|register_hl:reg_r"
 26. Port Connectivity Checks: "robs_datapath:dp|register:reg_x"
 27. Port Connectivity Checks: "robs_datapath:dp|register:reg_y"
 28. Port Connectivity Checks: "robs_control_unit_micro:cu|mux5:cs_mux"
 29. Post-Synthesis Netlist Statistics for Top Partition
 30. Elapsed Time Per Partition
 31. Analysis & Synthesis Messages



----------------
; Legal Notice ;
----------------
Copyright (C) 2020  Intel Corporation. All rights reserved.
Your use of Intel Corporation's design tools, logic functions 
and other software and tools, and any partner logic 
functions, and any output files from any of the foregoing 
(including device programming or simulation files), and any 
associated documentation or information are expressly subject 
to the terms and conditions of the Intel Program License 
Subscription Agreement, the Intel Quartus Prime License Agreement,
the Intel FPGA IP License Agreement, or other applicable license
agreement, including, without limitation, that your use is for
the sole purpose of programming logic devices manufactured by
Intel and sold by Intel or its authorized distributors.  Please
refer to the applicable agreement for further details, at
https://fpgasoftware.intel.com/eula.



+---------------------------------------------------------------------------------+
; Analysis & Synthesis Summary                                                    ;
+-----------------------------------+---------------------------------------------+
; Analysis & Synthesis Status       ; Successful - Sun Apr 30 00:37:19 2023       ;
; Quartus Prime Version             ; 20.1.1 Build 720 11/11/2020 SJ Lite Edition ;
; Revision Name                     ; robsmult                                    ;
; Top-level Entity Name             ; robsmult                                    ;
; Family                            ; Arria II GX                                 ;
; Logic utilization                 ; N/A                                         ;
;     Combinational ALUTs           ; 43                                          ;
;     Memory ALUTs                  ; 0                                           ;
;     Dedicated logic registers     ; 64                                          ;
; Total registers                   ; 64                                          ;
; Total pins                        ; 35                                          ;
; Total virtual pins                ; 0                                           ;
; Total block memory bits           ; 0                                           ;
; DSP block 18-bit elements         ; 0                                           ;
; Total GXB Receiver Channel PCS    ; 0                                           ;
; Total GXB Receiver Channel PMA    ; 0                                           ;
; Total GXB Transmitter Channel PCS ; 0                                           ;
; Total GXB Transmitter Channel PMA ; 0                                           ;
; Total PLLs                        ; 0                                           ;
; Total DLLs                        ; 0                                           ;
+-----------------------------------+---------------------------------------------+


+---------------------------------------------------------------------------------------------------------------------------+
; Analysis & Synthesis Settings                                                                                             ;
+---------------------------------------------------------------------------------+--------------------+--------------------+
; Option                                                                          ; Setting            ; Default Value      ;
+---------------------------------------------------------------------------------+--------------------+--------------------+
; Top-level entity name                                                           ; robsmult           ; robsmult           ;
; Family name                                                                     ; Arria II GX        ; Cyclone V          ;
; Use smart compilation                                                           ; Off                ; Off                ;
; Enable parallel Assembler and Timing Analyzer during compilation                ; On                 ; On                 ;
; Enable compact report table                                                     ; Off                ; Off                ;
; Restructure Multiplexers                                                        ; Auto               ; Auto               ;
; MLAB Add Timing Constraints For Mixed-Port Feed-Through Mode Setting Don't Care ; Off                ; Off                ;
; Create Debugging Nodes for IP Cores                                             ; Off                ; Off                ;
; Preserve fewer node names                                                       ; On                 ; On                 ;
; Intel FPGA IP Evaluation Mode                                                   ; Enable             ; Enable             ;
; Verilog Version                                                                 ; Verilog_2001       ; Verilog_2001       ;
; VHDL Version                                                                    ; VHDL_1993          ; VHDL_1993          ;
; State Machine Processing                                                        ; Auto               ; Auto               ;
; Safe State Machine                                                              ; Off                ; Off                ;
; Extract Verilog State Machines                                                  ; On                 ; On                 ;
; Extract VHDL State Machines                                                     ; On                 ; On                 ;
; Ignore Verilog initial constructs                                               ; Off                ; Off                ;
; Iteration limit for constant Verilog loops                                      ; 5000               ; 5000               ;
; Iteration limit for non-constant Verilog loops                                  ; 250                ; 250                ;
; Add Pass-Through Logic to Inferred RAMs                                         ; On                 ; On                 ;
; Infer RAMs from Raw Logic                                                       ; On                 ; On                 ;
; Parallel Synthesis                                                              ; On                 ; On                 ;
; DSP Block Balancing                                                             ; Auto               ; Auto               ;
; NOT Gate Push-Back                                                              ; On                 ; On                 ;
; Power-Up Don't Care                                                             ; On                 ; On                 ;
; Remove Redundant Logic Cells                                                    ; Off                ; Off                ;
; Remove Duplicate Registers                                                      ; On                 ; On                 ;
; Ignore CARRY Buffers                                                            ; Off                ; Off                ;
; Ignore CASCADE Buffers                                                          ; Off                ; Off                ;
; Ignore GLOBAL Buffers                                                           ; Off                ; Off                ;
; Ignore ROW GLOBAL Buffers                                                       ; Off                ; Off                ;
; Ignore LCELL Buffers                                                            ; Off                ; Off                ;
; Ignore SOFT Buffers                                                             ; On                 ; On                 ;
; Limit AHDL Integers to 32 Bits                                                  ; Off                ; Off                ;
; Optimization Technique                                                          ; Balanced           ; Balanced           ;
; Carry Chain Length                                                              ; 70                 ; 70                 ;
; Auto Carry Chains                                                               ; On                 ; On                 ;
; Auto Open-Drain Pins                                                            ; On                 ; On                 ;
; Perform WYSIWYG Primitive Resynthesis                                           ; Off                ; Off                ;
; Auto ROM Replacement                                                            ; On                 ; On                 ;
; Auto RAM Replacement                                                            ; On                 ; On                 ;
; Auto DSP Block Replacement                                                      ; On                 ; On                 ;
; Auto Shift Register Replacement                                                 ; Auto               ; Auto               ;
; Allow Shift Register Merging across Hierarchies                                 ; Auto               ; Auto               ;
; Auto Clock Enable Replacement                                                   ; On                 ; On                 ;
; Strict RAM Replacement                                                          ; Off                ; Off                ;
; Allow Synchronous Control Signals                                               ; On                 ; On                 ;
; Force Use of Synchronous Clear Signals                                          ; Off                ; Off                ;
; Auto RAM Block Balancing                                                        ; On                 ; On                 ;
; Auto RAM to Logic Cell Conversion                                               ; Off                ; Off                ;
; Auto Resource Sharing                                                           ; Off                ; Off                ;
; Allow Any RAM Size For Recognition                                              ; Off                ; Off                ;
; Allow Any ROM Size For Recognition                                              ; Off                ; Off                ;
; Allow Any Shift Register Size For Recognition                                   ; Off                ; Off                ;
; Use LogicLock Constraints during Resource Balancing                             ; On                 ; On                 ;
; Ignore translate_off and synthesis_off directives                               ; Off                ; Off                ;
; Timing-Driven Synthesis                                                         ; On                 ; On                 ;
; Report Parameter Settings                                                       ; On                 ; On                 ;
; Report Source Assignments                                                       ; On                 ; On                 ;
; Report Connectivity Checks                                                      ; On                 ; On                 ;
; Ignore Maximum Fan-Out Assignments                                              ; Off                ; Off                ;
; Synchronization Register Chain Length                                           ; 3                  ; 3                  ;
; Power Optimization During Synthesis                                             ; Normal compilation ; Normal compilation ;
; HDL message level                                                               ; Level2             ; Level2             ;
; Suppress Register Optimization Related Messages                                 ; Off                ; Off                ;
; Number of Removed Registers Reported in Synthesis Report                        ; 5000               ; 5000               ;
; Number of Swept Nodes Reported in Synthesis Report                              ; 5000               ; 5000               ;
; Number of Inverted Registers Reported in Synthesis Report                       ; 100                ; 100                ;
; Clock MUX Protection                                                            ; On                 ; On                 ;
; Auto Gated Clock Conversion                                                     ; Off                ; Off                ;
; Block Design Naming                                                             ; Auto               ; Auto               ;
; SDC constraint protection                                                       ; Off                ; Off                ;
; Synthesis Effort                                                                ; Auto               ; Auto               ;
; Shift Register Replacement - Allow Asynchronous Clear Signal                    ; On                 ; On                 ;
; Pre-Mapping Resynthesis Optimization                                            ; Off                ; Off                ;
; Analysis & Synthesis Message Level                                              ; Medium             ; Medium             ;
; Disable Register Merging Across Hierarchies                                     ; Auto               ; Auto               ;
; Resource Aware Inference For Block RAM                                          ; On                 ; On                 ;
+---------------------------------------------------------------------------------+--------------------+--------------------+


+------------------------------------------+
; Parallel Compilation                     ;
+----------------------------+-------------+
; Processors                 ; Number      ;
+----------------------------+-------------+
; Number detected on machine ; 16          ;
; Maximum allowed            ; 8           ;
;                            ;             ;
; Average used               ; 1.00        ;
; Maximum used               ; 8           ;
;                            ;             ;
; Usage by Processor         ; % Time Used ;
;     Processor 1            ; 100.0%      ;
;     Processors 2-8         ;   0.0%      ;
+----------------------------+-------------+


+------------------------------------------------------------------------------------------------------------------------------------------------------------------------------------------------------+
; Analysis & Synthesis Source Files Read                                                                                                                                                               ;
+----------------------------------+-----------------+------------------------------+--------------------------------------------------------------------------------------------------------+---------+
; File Name with User-Entered Path ; Used in Netlist ; File Type                    ; File Name with Absolute Path                                                                           ; Library ;
+----------------------------------+-----------------+------------------------------+--------------------------------------------------------------------------------------------------------+---------+
; upc_reg.sv                       ; yes             ; User SystemVerilog HDL File  ; D:/OneDrive/UCSD/(9) 2023 Spring/CSE 140L/[Labs for CSE 140L] (20%x5)/Lab 1/upc_reg.sv                 ;         ;
; rom.sv                           ; yes             ; User SystemVerilog HDL File  ; D:/OneDrive/UCSD/(9) 2023 Spring/CSE 140L/[Labs for CSE 140L] (20%x5)/Lab 1/rom.sv                     ;         ;
; robsmult.sv                      ; yes             ; User SystemVerilog HDL File  ; D:/OneDrive/UCSD/(9) 2023 Spring/CSE 140L/[Labs for CSE 140L] (20%x5)/Lab 1/robsmult.sv                ;         ;
; robs_data_path.sv                ; yes             ; User SystemVerilog HDL File  ; D:/OneDrive/UCSD/(9) 2023 Spring/CSE 140L/[Labs for CSE 140L] (20%x5)/Lab 1/robs_data_path.sv          ;         ;
; robs_control_unit_micro.sv       ; yes             ; User SystemVerilog HDL File  ; D:/OneDrive/UCSD/(9) 2023 Spring/CSE 140L/[Labs for CSE 140L] (20%x5)/Lab 1/robs_control_unit_micro.sv ;         ;
; right_shift_register.sv          ; yes             ; User SystemVerilog HDL File  ; D:/OneDrive/UCSD/(9) 2023 Spring/CSE 140L/[Labs for CSE 140L] (20%x5)/Lab 1/right_shift_register.sv    ;         ;
; register_hl.sv                   ; yes             ; User SystemVerilog HDL File  ; D:/OneDrive/UCSD/(9) 2023 Spring/CSE 140L/[Labs for CSE 140L] (20%x5)/Lab 1/register_hl.sv             ;         ;
; register.sv                      ; yes             ; User SystemVerilog HDL File  ; D:/OneDrive/UCSD/(9) 2023 Spring/CSE 140L/[Labs for CSE 140L] (20%x5)/Lab 1/register.sv                ;         ;
; mux5.sv                          ; yes             ; User SystemVerilog HDL File  ; D:/OneDrive/UCSD/(9) 2023 Spring/CSE 140L/[Labs for CSE 140L] (20%x5)/Lab 1/mux5.sv                    ;         ;
; mux3.sv                          ; yes             ; User SystemVerilog HDL File  ; D:/OneDrive/UCSD/(9) 2023 Spring/CSE 140L/[Labs for CSE 140L] (20%x5)/Lab 1/mux3.sv                    ;         ;
; mux2.sv                          ; yes             ; User SystemVerilog HDL File  ; D:/OneDrive/UCSD/(9) 2023 Spring/CSE 140L/[Labs for CSE 140L] (20%x5)/Lab 1/mux2.sv                    ;         ;
; counter_down.sv                  ; yes             ; User SystemVerilog HDL File  ; D:/OneDrive/UCSD/(9) 2023 Spring/CSE 140L/[Labs for CSE 140L] (20%x5)/Lab 1/counter_down.sv            ;         ;
; addsub.sv                        ; yes             ; User SystemVerilog HDL File  ; D:/OneDrive/UCSD/(9) 2023 Spring/CSE 140L/[Labs for CSE 140L] (20%x5)/Lab 1/addsub.sv                  ;         ;
+----------------------------------+-----------------+------------------------------+--------------------------------------------------------------------------------------------------------+---------+


+-----------------------------------------------------------+
; Analysis & Synthesis Resource Usage Summary               ;
+-----------------------------------------------+-----------+
; Resource                                      ; Usage     ;
+-----------------------------------------------+-----------+
; Estimated ALUTs Used                          ; 43        ;
;     -- Combinational ALUTs                    ; 43        ;
;     -- Memory ALUTs                           ; 0         ;
;     -- LUT_REGs                               ; 0         ;
; Dedicated logic registers                     ; 64        ;
;                                               ;           ;
; Estimated ALUTs Unavailable                   ; 1         ;
;     -- Due to unpartnered combinational logic ; 1         ;
;     -- Due to Memory ALUTs                    ; 0         ;
;                                               ;           ;
; Total combinational functions                 ; 43        ;
; Combinational ALUT usage by number of inputs  ;           ;
;     -- 7 input functions                      ; 1         ;
;     -- 6 input functions                      ; 4         ;
;     -- 5 input functions                      ; 20        ;
;     -- 4 input functions                      ; 4         ;
;     -- <=3 input functions                    ; 14        ;
;                                               ;           ;
; Combinational ALUTs by mode                   ;           ;
;     -- normal mode                            ; 30        ;
;     -- extended LUT mode                      ; 1         ;
;     -- arithmetic mode                        ; 12        ;
;     -- shared arithmetic mode                 ; 0         ;
;                                               ;           ;
; Estimated ALUT/register pairs used            ; 87        ;
;                                               ;           ;
; Total registers                               ; 64        ;
;     -- Dedicated logic registers              ; 64        ;
;     -- I/O registers                          ; 0         ;
;     -- LUT_REGs                               ; 0         ;
;                                               ;           ;
;                                               ;           ;
; I/O pins                                      ; 35        ;
;                                               ;           ;
; DSP block 18-bit elements                     ; 0         ;
;                                               ;           ;
; Maximum fan-out node                          ; clk~input ;
; Maximum fan-out                               ; 64        ;
; Total fan-out                                 ; 494       ;
; Average fan-out                               ; 2.79      ;
+-----------------------------------------------+-----------+


+----------------------------------------------------------------------------------------------------------------------------------------------------------------------------------------------------------------------------------------------------------------------------------------------------+
; Analysis & Synthesis Resource Utilization by Entity                                                                                                                                                                                                                                                ;
+---------------------------------------+---------------------+---------------------------+-------------------+--------------+---------+-----------+-----------+-----------+------+--------------+----------------------------------------------------------+-------------------------+--------------+
; Compilation Hierarchy Node            ; Combinational ALUTs ; Dedicated Logic Registers ; Block Memory Bits ; DSP Elements ; DSP 9x9 ; DSP 12x12 ; DSP 18x18 ; DSP 36x36 ; Pins ; Virtual Pins ; Full Hierarchy Name                                      ; Entity Name             ; Library Name ;
+---------------------------------------+---------------------+---------------------------+-------------------+--------------+---------+-----------+-----------+-----------+------+--------------+----------------------------------------------------------+-------------------------+--------------+
; |robsmult                             ; 43 (0)              ; 64 (0)                    ; 0                 ; 0            ; 0       ; 0         ; 0         ; 0         ; 35   ; 0            ; |robsmult                                                ; robsmult                ; work         ;
;    |robs_control_unit_micro:cu|       ; 21 (2)              ; 5 (0)                     ; 0                 ; 0            ; 0       ; 0         ; 0         ; 0         ; 0    ; 0            ; |robsmult|robs_control_unit_micro:cu                     ; robs_control_unit_micro ; work         ;
;       |mux5:cs_mux|                   ; 2 (2)               ; 0 (0)                     ; 0                 ; 0            ; 0       ; 0         ; 0         ; 0         ; 0    ; 0            ; |robsmult|robs_control_unit_micro:cu|mux5:cs_mux         ; mux5                    ; work         ;
;       |rom:control_memory|            ; 12 (12)             ; 0 (0)                     ; 0                 ; 0            ; 0       ; 0         ; 0         ; 0         ; 0    ; 0            ; |robsmult|robs_control_unit_micro:cu|rom:control_memory  ; rom                     ; work         ;
;       |upcreg:upc_reg|                ; 5 (5)               ; 5 (5)                     ; 0                 ; 0            ; 0       ; 0         ; 0         ; 0         ; 0    ; 0            ; |robsmult|robs_control_unit_micro:cu|upcreg:upc_reg      ; upcreg                  ; work         ;
;    |robs_datapath:dp|                 ; 22 (0)              ; 59 (0)                    ; 0                 ; 0            ; 0       ; 0         ; 0         ; 0         ; 0    ; 0            ; |robsmult|robs_datapath:dp                               ; robs_datapath           ; work         ;
;       |addsub:addsub|                 ; 9 (9)               ; 0 (0)                     ; 0                 ; 0            ; 0       ; 0         ; 0         ; 0         ; 0    ; 0            ; |robsmult|robs_datapath:dp|addsub:addsub                 ; addsub                  ; work         ;
;       |counter_down:decrement8|       ; 4 (4)               ; 3 (3)                     ; 0                 ; 0            ; 0       ; 0         ; 0         ; 0         ; 0    ; 0            ; |robsmult|robs_datapath:dp|counter_down:decrement8       ; counter_down            ; work         ;
;       |mux3:mux_rh|                   ; 8 (8)               ; 0 (0)                     ; 0                 ; 0            ; 0       ; 0         ; 0         ; 0         ; 0    ; 0            ; |robsmult|robs_datapath:dp|mux3:mux_rh                   ; mux3                    ; work         ;
;       |register:reg_a|                ; 0 (0)               ; 8 (8)                     ; 0                 ; 0            ; 0       ; 0         ; 0         ; 0         ; 0    ; 0            ; |robsmult|robs_datapath:dp|register:reg_a                ; register                ; work         ;
;       |register:reg_x|                ; 0 (0)               ; 8 (8)                     ; 0                 ; 0            ; 0       ; 0         ; 0         ; 0         ; 0    ; 0            ; |robsmult|robs_datapath:dp|register:reg_x                ; register                ; work         ;
;       |register:reg_y|                ; 0 (0)               ; 8 (8)                     ; 0                 ; 0            ; 0       ; 0         ; 0         ; 0         ; 0    ; 0            ; |robsmult|robs_datapath:dp|register:reg_y                ; register                ; work         ;
;       |register_hl:reg_r|             ; 0 (0)               ; 16 (16)                   ; 0                 ; 0            ; 0       ; 0         ; 0         ; 0         ; 0    ; 0            ; |robsmult|robs_datapath:dp|register_hl:reg_r             ; register_hl             ; work         ;
;       |right_shift_register:sign_ext| ; 1 (1)               ; 16 (16)                   ; 0                 ; 0            ; 0       ; 0         ; 0         ; 0         ; 0    ; 0            ; |robsmult|robs_datapath:dp|right_shift_register:sign_ext ; right_shift_register    ; work         ;
+---------------------------------------+---------------------+---------------------------+-------------------+--------------+---------+-----------+-----------+-----------+------+--------------+----------------------------------------------------------+-------------------------+--------------+
Note: For table entries with two numbers listed, the numbers in parentheses indicate the number of resources of the given type used by the specific entity alone. The numbers listed outside of parentheses indicate the total resources of the given type used by the specific entity and all of its sub-entities in the hierarchy.


+---------------------------------------------------------------------------------------------------+
; User-Specified and Inferred Latches                                                               ;
+----------------------------------------------------+---------------------+------------------------+
; Latch Name                                         ; Latch Enable Signal ; Free of Timing Hazards ;
+----------------------------------------------------+---------------------+------------------------+
; robs_control_unit_micro:cu|done                    ; GND                 ; yes                    ;
; Number of user-specified and inferred latches = 1  ;                     ;                        ;
+----------------------------------------------------+---------------------+------------------------+
Note: All latches listed above may not be present at the end of synthesis due to various synthesis optimizations.


+----------------------------------------------------------------------------+
; Registers Removed During Synthesis                                         ;
+-------------------------------------------------------+--------------------+
; Register name                                         ; Reason for Removal ;
+-------------------------------------------------------+--------------------+
; robs_datapath:dp|counter_down:decrement8|result[3..7] ; Lost fanout        ;
; Total Number of Removed Registers = 5                 ;                    ;
+-------------------------------------------------------+--------------------+


+------------------------------------------------------+
; General Register Statistics                          ;
+----------------------------------------------+-------+
; Statistic                                    ; Value ;
+----------------------------------------------+-------+
; Total registers                              ; 64    ;
; Number of registers using Synchronous Clear  ; 0     ;
; Number of registers using Synchronous Load   ; 27    ;
; Number of registers using Asynchronous Clear ; 13    ;
; Number of registers using Asynchronous Load  ; 0     ;
; Number of registers using Clock Enable       ; 59    ;
; Number of registers using Preset             ; 0     ;
+----------------------------------------------+-------+


+----------------------------------------------------------------------------------------------------------------------------------------------------------------------------+
; Multiplexer Restructuring Statistics (Restructuring Performed)                                                                                                             ;
+--------------------+-----------+---------------+----------------------+------------------------+------------+--------------------------------------------------------------+
; Multiplexer Inputs ; Bus Width ; Baseline Area ; Area if Restructured ; Saving if Restructured ; Registered ; Example Multiplexer Output                                   ;
+--------------------+-----------+---------------+----------------------+------------------------+------------+--------------------------------------------------------------+
; 3:1                ; 3 bits    ; 6 ALUTs       ; 3 ALUTs              ; 3 ALUTs                ; Yes        ; |robsmult|robs_datapath:dp|counter_down:decrement8|result[2] ;
; 3:1                ; 5 bits    ; 10 ALUTs      ; 5 ALUTs              ; 5 ALUTs                ; Yes        ; |robsmult|robs_datapath:dp|counter_down:decrement8|result[3] ;
; 3:1                ; 8 bits    ; 16 ALUTs      ; 16 ALUTs             ; 0 ALUTs                ; Yes        ; |robsmult|robs_datapath:dp|register_hl:reg_r|out[14]         ;
+--------------------+-----------+---------------+----------------------+------------------------+------------+--------------------------------------------------------------+


+--------------------------------------------------------------------------+
; Parameter Settings for User Entity Instance: Top-level Entity: |robsmult ;
+----------------+-------+-------------------------------------------------+
; Parameter Name ; Value ; Type                                            ;
+----------------+-------+-------------------------------------------------+
; WIDTH          ; 8     ; Signed Integer                                  ;
+----------------+-------+-------------------------------------------------+
Note: In order to hide this table in the UI and the text report file, please set the "Show Parameter Settings in Synthesis Report" option in "Analysis and Synthesis Settings -> More Settings" to "Off".


+---------------------------------------------------------------+
; Parameter Settings for User Entity Instance: robs_datapath:dp ;
+----------------+-------+--------------------------------------+
; Parameter Name ; Value ; Type                                 ;
+----------------+-------+--------------------------------------+
; WIDTH          ; 8     ; Signed Integer                       ;
+----------------+-------+--------------------------------------+
Note: In order to hide this table in the UI and the text report file, please set the "Show Parameter Settings in Synthesis Report" option in "Analysis and Synthesis Settings -> More Settings" to "Off".


+------------------------------------------------------------------------------+
; Parameter Settings for User Entity Instance: robs_datapath:dp|register:reg_y ;
+----------------+-------+-----------------------------------------------------+
; Parameter Name ; Value ; Type                                                ;
+----------------+-------+-----------------------------------------------------+
; N              ; 8     ; Signed Integer                                      ;
+----------------+-------+-----------------------------------------------------+
Note: In order to hide this table in the UI and the text report file, please set the "Show Parameter Settings in Synthesis Report" option in "Analysis and Synthesis Settings -> More Settings" to "Off".


+------------------------------------------------------------------------------+
; Parameter Settings for User Entity Instance: robs_datapath:dp|register:reg_a ;
+----------------+-------+-----------------------------------------------------+
; Parameter Name ; Value ; Type                                                ;
+----------------+-------+-----------------------------------------------------+
; N              ; 8     ; Signed Integer                                      ;
+----------------+-------+-----------------------------------------------------+
Note: In order to hide this table in the UI and the text report file, please set the "Show Parameter Settings in Synthesis Report" option in "Analysis and Synthesis Settings -> More Settings" to "Off".


+------------------------------------------------------------------------------+
; Parameter Settings for User Entity Instance: robs_datapath:dp|register:reg_x ;
+----------------+-------+-----------------------------------------------------+
; Parameter Name ; Value ; Type                                                ;
+----------------+-------+-----------------------------------------------------+
; N              ; 8     ; Signed Integer                                      ;
+----------------+-------+-----------------------------------------------------+
Note: In order to hide this table in the UI and the text report file, please set the "Show Parameter Settings in Synthesis Report" option in "Analysis and Synthesis Settings -> More Settings" to "Off".


+---------------------------------------------------------------------------------+
; Parameter Settings for User Entity Instance: robs_datapath:dp|register_hl:reg_r ;
+----------------+-------+--------------------------------------------------------+
; Parameter Name ; Value ; Type                                                   ;
+----------------+-------+--------------------------------------------------------+
; N              ; 16    ; Signed Integer                                         ;
+----------------+-------+--------------------------------------------------------+
Note: In order to hide this table in the UI and the text report file, please set the "Show Parameter Settings in Synthesis Report" option in "Analysis and Synthesis Settings -> More Settings" to "Off".


+---------------------------------------------------------------------------------------------+
; Parameter Settings for User Entity Instance: robs_datapath:dp|right_shift_register:sign_ext ;
+----------------+-------+--------------------------------------------------------------------+
; Parameter Name ; Value ; Type                                                               ;
+----------------+-------+--------------------------------------------------------------------+
; WIDTH          ; 16    ; Signed Integer                                                     ;
+----------------+-------+--------------------------------------------------------------------+
Note: In order to hide this table in the UI and the text report file, please set the "Show Parameter Settings in Synthesis Report" option in "Analysis and Synthesis Settings -> More Settings" to "Off".


+--------------------------------------------------------------------------+
; Parameter Settings for User Entity Instance: robs_datapath:dp|mux2:mux_x ;
+----------------+-------+-------------------------------------------------+
; Parameter Name ; Value ; Type                                            ;
+----------------+-------+-------------------------------------------------+
; WIDTH          ; 8     ; Signed Integer                                  ;
+----------------+-------+-------------------------------------------------+
Note: In order to hide this table in the UI and the text report file, please set the "Show Parameter Settings in Synthesis Report" option in "Analysis and Synthesis Settings -> More Settings" to "Off".


+---------------------------------------------------------------------------+
; Parameter Settings for User Entity Instance: robs_datapath:dp|mux3:mux_rh ;
+----------------+-------+--------------------------------------------------+
; Parameter Name ; Value ; Type                                             ;
+----------------+-------+--------------------------------------------------+
; WIDTH          ; 8     ; Signed Integer                                   ;
+----------------+-------+--------------------------------------------------+
Note: In order to hide this table in the UI and the text report file, please set the "Show Parameter Settings in Synthesis Report" option in "Analysis and Synthesis Settings -> More Settings" to "Off".


+---------------------------------------------------------------------------+
; Parameter Settings for User Entity Instance: robs_datapath:dp|mux2:mux_rl ;
+----------------+-------+--------------------------------------------------+
; Parameter Name ; Value ; Type                                             ;
+----------------+-------+--------------------------------------------------+
; WIDTH          ; 8     ; Signed Integer                                   ;
+----------------+-------+--------------------------------------------------+
Note: In order to hide this table in the UI and the text report file, please set the "Show Parameter Settings in Synthesis Report" option in "Analysis and Synthesis Settings -> More Settings" to "Off".


+-----------------------------------------------------------------------------+
; Parameter Settings for User Entity Instance: robs_datapath:dp|addsub:addsub ;
+----------------+-------+----------------------------------------------------+
; Parameter Name ; Value ; Type                                               ;
+----------------+-------+----------------------------------------------------+
; dw             ; 8     ; Signed Integer                                     ;
+----------------+-------+----------------------------------------------------+
Note: In order to hide this table in the UI and the text report file, please set the "Show Parameter Settings in Synthesis Report" option in "Analysis and Synthesis Settings -> More Settings" to "Off".


+---------------------------------------------------------------------------------------+
; Parameter Settings for User Entity Instance: robs_datapath:dp|counter_down:decrement8 ;
+----------------+-------+--------------------------------------------------------------+
; Parameter Name ; Value ; Type                                                         ;
+----------------+-------+--------------------------------------------------------------+
; dw             ; 8     ; Signed Integer                                               ;
; WIDTH          ; 7     ; Signed Integer                                               ;
+----------------+-------+--------------------------------------------------------------+
Note: In order to hide this table in the UI and the text report file, please set the "Show Parameter Settings in Synthesis Report" option in "Analysis and Synthesis Settings -> More Settings" to "Off".


+------------------------------------------------------------------------------------------------------------------------+
; Port Connectivity Checks: "robs_datapath:dp|counter_down:decrement8"                                                   ;
+--------------+--------+----------+-------------------------------------------------------------------------------------+
; Port         ; Type   ; Severity ; Details                                                                             ;
+--------------+--------+----------+-------------------------------------------------------------------------------------+
; result[7..3] ; Output ; Info     ; Connected to dangling logic. Logic that only feeds a dangling port will be removed. ;
+--------------+--------+----------+-------------------------------------------------------------------------------------+


+----------------------------------------------------------------+
; Port Connectivity Checks: "robs_datapath:dp|register_hl:reg_r" ;
+-------+-------+----------+-------------------------------------+
; Port  ; Type  ; Severity ; Details                             ;
+-------+-------+----------+-------------------------------------+
; clear ; Input ; Info     ; Stuck at GND                        ;
+-------+-------+----------+-------------------------------------+


+-------------------------------------------------------------+
; Port Connectivity Checks: "robs_datapath:dp|register:reg_x" ;
+-------+-------+----------+----------------------------------+
; Port  ; Type  ; Severity ; Details                          ;
+-------+-------+----------+----------------------------------+
; clear ; Input ; Info     ; Stuck at GND                     ;
+-------+-------+----------+----------------------------------+


+-------------------------------------------------------------+
; Port Connectivity Checks: "robs_datapath:dp|register:reg_y" ;
+-------+-------+----------+----------------------------------+
; Port  ; Type  ; Severity ; Details                          ;
+-------+-------+----------+----------------------------------+
; clear ; Input ; Info     ; Stuck at GND                     ;
+-------+-------+----------+----------------------------------+


+--------------------------------------------------------------------+
; Port Connectivity Checks: "robs_control_unit_micro:cu|mux5:cs_mux" ;
+------+-------+----------+------------------------------------------+
; Port ; Type  ; Severity ; Details                                  ;
+------+-------+----------+------------------------------------------+
; d0   ; Input ; Info     ; Stuck at GND                             ;
; d4   ; Input ; Info     ; Stuck at VCC                             ;
+------+-------+----------+------------------------------------------+


+-----------------------------------------------------+
; Post-Synthesis Netlist Statistics for Top Partition ;
+-----------------------+-----------------------------+
; Type                  ; Count                       ;
+-----------------------+-----------------------------+
; arriaii_ff            ; 64                          ;
;     CLR               ; 5                           ;
;     ENA               ; 24                          ;
;     ENA CLR           ; 8                           ;
;     ENA SLD           ; 27                          ;
; boundary_port         ; 35                          ;
; stratixiv_lcell_comb  ; 43                          ;
;     arith             ; 12                          ;
;         1 data inputs ; 4                           ;
;         3 data inputs ; 8                           ;
;     extend            ; 1                           ;
;         7 data inputs ; 1                           ;
;     normal            ; 30                          ;
;         3 data inputs ; 2                           ;
;         4 data inputs ; 4                           ;
;         5 data inputs ; 20                          ;
;         6 data inputs ; 4                           ;
;                       ;                             ;
; Max LUT depth         ; 3.00                        ;
; Average LUT depth     ; 1.26                        ;
+-----------------------+-----------------------------+


+-------------------------------+
; Elapsed Time Per Partition    ;
+----------------+--------------+
; Partition Name ; Elapsed Time ;
+----------------+--------------+
; Top            ; 00:00:00     ;
+----------------+--------------+


+-------------------------------+
; Analysis & Synthesis Messages ;
+-------------------------------+
Info: *******************************************************************
Info: Running Quartus Prime Analysis & Synthesis
    Info: Version 20.1.1 Build 720 11/11/2020 SJ Lite Edition
    Info: Processing started: Sun Apr 30 00:37:10 2023
Info: Command: quartus_map --read_settings_files=on --write_settings_files=off robsmult -c robsmult
Warning (18236): Number of processors has not been specified which may cause overloading on shared machines.  Set the global assignment NUM_PARALLEL_PROCESSORS in your QSF to an appropriate value for best performance.
Info (20030): Parallel compilation is enabled and will use 8 of the 8 processors detected
Info (12021): Found 1 design units, including 1 entities, in source file upc_reg.sv
    Info (12023): Found entity 1: upcreg File: D:/OneDrive/UCSD/(9) 2023 Spring/CSE 140L/[Labs for CSE 140L] (20%x5)/Lab 1/upc_reg.sv Line: 4
Info (12021): Found 1 design units, including 1 entities, in source file rom.sv
    Info (12023): Found entity 1: rom File: D:/OneDrive/UCSD/(9) 2023 Spring/CSE 140L/[Labs for CSE 140L] (20%x5)/Lab 1/rom.sv Line: 2
Info (12021): Found 1 design units, including 1 entities, in source file robsmult.sv
    Info (12023): Found entity 1: robsmult File: D:/OneDrive/UCSD/(9) 2023 Spring/CSE 140L/[Labs for CSE 140L] (20%x5)/Lab 1/robsmult.sv Line: 3
Info (12021): Found 1 design units, including 1 entities, in source file robs_data_path.sv
    Info (12023): Found entity 1: robs_datapath File: D:/OneDrive/UCSD/(9) 2023 Spring/CSE 140L/[Labs for CSE 140L] (20%x5)/Lab 1/robs_data_path.sv Line: 3
Info (12021): Found 1 design units, including 1 entities, in source file robs_control_unit_micro.sv
    Info (12023): Found entity 1: robs_control_unit_micro File: D:/OneDrive/UCSD/(9) 2023 Spring/CSE 140L/[Labs for CSE 140L] (20%x5)/Lab 1/robs_control_unit_micro.sv Line: 4
Info (12021): Found 1 design units, including 1 entities, in source file right_shift_register.sv
    Info (12023): Found entity 1: right_shift_register File: D:/OneDrive/UCSD/(9) 2023 Spring/CSE 140L/[Labs for CSE 140L] (20%x5)/Lab 1/right_shift_register.sv Line: 1
Info (12021): Found 1 design units, including 1 entities, in source file register_hl.sv
    Info (12023): Found entity 1: register_hl File: D:/OneDrive/UCSD/(9) 2023 Spring/CSE 140L/[Labs for CSE 140L] (20%x5)/Lab 1/register_hl.sv Line: 1
Info (12021): Found 1 design units, including 1 entities, in source file register.sv
    Info (12023): Found entity 1: register File: D:/OneDrive/UCSD/(9) 2023 Spring/CSE 140L/[Labs for CSE 140L] (20%x5)/Lab 1/register.sv Line: 1
Info (12021): Found 1 design units, including 1 entities, in source file mux5.sv
    Info (12023): Found entity 1: mux5 File: D:/OneDrive/UCSD/(9) 2023 Spring/CSE 140L/[Labs for CSE 140L] (20%x5)/Lab 1/mux5.sv Line: 2
Info (12021): Found 1 design units, including 1 entities, in source file mux3.sv
    Info (12023): Found entity 1: mux3 File: D:/OneDrive/UCSD/(9) 2023 Spring/CSE 140L/[Labs for CSE 140L] (20%x5)/Lab 1/mux3.sv Line: 3
Info (12021): Found 1 design units, including 1 entities, in source file mux2.sv
    Info (12023): Found entity 1: mux2 File: D:/OneDrive/UCSD/(9) 2023 Spring/CSE 140L/[Labs for CSE 140L] (20%x5)/Lab 1/mux2.sv Line: 3
Info (12021): Found 1 design units, including 1 entities, in source file counter_down.sv
    Info (12023): Found entity 1: counter_down File: D:/OneDrive/UCSD/(9) 2023 Spring/CSE 140L/[Labs for CSE 140L] (20%x5)/Lab 1/counter_down.sv Line: 3
Info (12021): Found 1 design units, including 1 entities, in source file addsub.sv
    Info (12023): Found entity 1: addsub File: D:/OneDrive/UCSD/(9) 2023 Spring/CSE 140L/[Labs for CSE 140L] (20%x5)/Lab 1/addsub.sv Line: 4
Info (12127): Elaborating entity "robsmult" for the top level hierarchy
Info (12128): Elaborating entity "robs_control_unit_micro" for hierarchy "robs_control_unit_micro:cu" File: D:/OneDrive/UCSD/(9) 2023 Spring/CSE 140L/[Labs for CSE 140L] (20%x5)/Lab 1/robsmult.sv Line: 19
Info (10041): Inferred latch for "done" at robs_control_unit_micro.sv(29) File: D:/OneDrive/UCSD/(9) 2023 Spring/CSE 140L/[Labs for CSE 140L] (20%x5)/Lab 1/robs_control_unit_micro.sv Line: 29
Info (12128): Elaborating entity "upcreg" for hierarchy "robs_control_unit_micro:cu|upcreg:upc_reg" File: D:/OneDrive/UCSD/(9) 2023 Spring/CSE 140L/[Labs for CSE 140L] (20%x5)/Lab 1/robs_control_unit_micro.sv Line: 16
Info (12128): Elaborating entity "mux5" for hierarchy "robs_control_unit_micro:cu|mux5:cs_mux" File: D:/OneDrive/UCSD/(9) 2023 Spring/CSE 140L/[Labs for CSE 140L] (20%x5)/Lab 1/robs_control_unit_micro.sv Line: 19
Info (12128): Elaborating entity "rom" for hierarchy "robs_control_unit_micro:cu|rom:control_memory" File: D:/OneDrive/UCSD/(9) 2023 Spring/CSE 140L/[Labs for CSE 140L] (20%x5)/Lab 1/robs_control_unit_micro.sv Line: 22
Warning (10030): Net "mem.data_a" at rom.sv(6) has no driver or initial value, using a default initial value '0' File: D:/OneDrive/UCSD/(9) 2023 Spring/CSE 140L/[Labs for CSE 140L] (20%x5)/Lab 1/rom.sv Line: 6
Warning (10030): Net "mem.waddr_a" at rom.sv(6) has no driver or initial value, using a default initial value '0' File: D:/OneDrive/UCSD/(9) 2023 Spring/CSE 140L/[Labs for CSE 140L] (20%x5)/Lab 1/rom.sv Line: 6
Warning (10030): Net "mem.we_a" at rom.sv(6) has no driver or initial value, using a default initial value '0' File: D:/OneDrive/UCSD/(9) 2023 Spring/CSE 140L/[Labs for CSE 140L] (20%x5)/Lab 1/rom.sv Line: 6
Info (12128): Elaborating entity "robs_datapath" for hierarchy "robs_datapath:dp" File: D:/OneDrive/UCSD/(9) 2023 Spring/CSE 140L/[Labs for CSE 140L] (20%x5)/Lab 1/robsmult.sv Line: 22
Info (12128): Elaborating entity "register" for hierarchy "robs_datapath:dp|register:reg_y" File: D:/OneDrive/UCSD/(9) 2023 Spring/CSE 140L/[Labs for CSE 140L] (20%x5)/Lab 1/robs_data_path.sv Line: 16
Info (12128): Elaborating entity "register_hl" for hierarchy "robs_datapath:dp|register_hl:reg_r" File: D:/OneDrive/UCSD/(9) 2023 Spring/CSE 140L/[Labs for CSE 140L] (20%x5)/Lab 1/robs_data_path.sv Line: 19
Info (12128): Elaborating entity "right_shift_register" for hierarchy "robs_datapath:dp|right_shift_register:sign_ext" File: D:/OneDrive/UCSD/(9) 2023 Spring/CSE 140L/[Labs for CSE 140L] (20%x5)/Lab 1/robs_data_path.sv Line: 21
Info (12128): Elaborating entity "mux2" for hierarchy "robs_datapath:dp|mux2:mux_x" File: D:/OneDrive/UCSD/(9) 2023 Spring/CSE 140L/[Labs for CSE 140L] (20%x5)/Lab 1/robs_data_path.sv Line: 23
Info (12128): Elaborating entity "mux3" for hierarchy "robs_datapath:dp|mux3:mux_rh" File: D:/OneDrive/UCSD/(9) 2023 Spring/CSE 140L/[Labs for CSE 140L] (20%x5)/Lab 1/robs_data_path.sv Line: 24
Info (12128): Elaborating entity "addsub" for hierarchy "robs_datapath:dp|addsub:addsub" File: D:/OneDrive/UCSD/(9) 2023 Spring/CSE 140L/[Labs for CSE 140L] (20%x5)/Lab 1/robs_data_path.sv Line: 27
Info (12128): Elaborating entity "counter_down" for hierarchy "robs_datapath:dp|counter_down:decrement8" File: D:/OneDrive/UCSD/(9) 2023 Spring/CSE 140L/[Labs for CSE 140L] (20%x5)/Lab 1/robs_data_path.sv Line: 29
Warning (10230): Verilog HDL assignment warning at counter_down.sv(14): truncated value with size 32 to match size of target (8) File: D:/OneDrive/UCSD/(9) 2023 Spring/CSE 140L/[Labs for CSE 140L] (20%x5)/Lab 1/counter_down.sv Line: 14
Warning (10230): Verilog HDL assignment warning at counter_down.sv(16): truncated value with size 32 to match size of target (8) File: D:/OneDrive/UCSD/(9) 2023 Spring/CSE 140L/[Labs for CSE 140L] (20%x5)/Lab 1/counter_down.sv Line: 16
Info (276014): Found 1 instances of uninferred RAM logic
    Info (276004): RAM logic "robs_control_unit_micro:cu|rom:control_memory|mem" is uninferred due to inappropriate RAM size File: D:/OneDrive/UCSD/(9) 2023 Spring/CSE 140L/[Labs for CSE 140L] (20%x5)/Lab 1/rom.sv Line: 6
Critical Warning (127005): Memory depth (32) in the design file differs from memory depth (18) in the Memory Initialization File "D:/OneDrive/UCSD/(9) 2023 Spring/CSE 140L/[Labs for CSE 140L] (20%x5)/Lab 1/db/robsmult.ram0_rom_1d582.hdl.mif" -- setting initial value for remaining addresses to 0
Info (286030): Timing-Driven Synthesis is running
Info (17049): 5 registers lost all their fanouts during netlist optimizations.
Info (16010): Generating hard_block partition "hard_block:auto_generated_inst"
    Info (16011): Adding 0 node(s), including 0 DDIO, 0 PLL, 0 transceiver and 0 LCELL
Info (21057): Implemented 125 device resources after synthesis - the final resource count might be different
    Info (21058): Implemented 18 input pins
    Info (21059): Implemented 17 output pins
    Info (21061): Implemented 90 logic cells
Info: Quartus Prime Analysis & Synthesis was successful. 0 errors, 7 warnings
    Info: Peak virtual memory: 4879 megabytes
    Info: Processing ended: Sun Apr 30 00:37:19 2023
    Info: Elapsed time: 00:00:09
    Info: Total CPU time (on all processors): 00:00:08


